// Jest Snapshot v1, https://goo.gl/fbAQLP

exports[`Popup component should render correctly 1`] = `ReactWrapper {}`;
